BL51 BANKED LINKER/LOCATER V6.22.2.0                                                    03/19/2022  14:02:59  PAGE 1


BL51 BANKED LINKER/LOCATER V6.22.2.0, INVOKED BY:
D:\KEIL_V5\C51\BIN\BL51.EXE .\Objects\test.obj TO .\Objects\test PRINT (.\Listings\test.m51)


MEMORY MODEL: SMALL WITH FLOATING POINT ARITHMETIC


INPUT MODULES INCLUDED:
  .\Objects\test.obj (TEST)
  D:\KEIL_V5\C51\LIB\C51FPS.LIB (?C?FPMUL)
  D:\KEIL_V5\C51\LIB\C51FPS.LIB (?C?FCAST)
  D:\KEIL_V5\C51\LIB\C51FPS.LIB (PRINTF)
  D:\KEIL_V5\C51\LIB\C51FPS.LIB (?C?FPGETOPN)
  D:\KEIL_V5\C51\LIB\C51FPS.LIB (?C?FPROUND)
  D:\KEIL_V5\C51\LIB\C51FPS.LIB (?C?FPCONVERT)
  D:\KEIL_V5\C51\LIB\C51FPS.LIB (?C?FPADD)
  D:\KEIL_V5\C51\LIB\C51FPS.LIB (?C?FPDIV)
  D:\KEIL_V5\C51\LIB\C51FPS.LIB (?C?FTNPWR)
  D:\KEIL_V5\C51\LIB\C51S.LIB (?C_STARTUP)
  D:\KEIL_V5\C51\LIB\C51S.LIB (?C?CLDPTR)
  D:\KEIL_V5\C51\LIB\C51S.LIB (?C?CLDOPTR)
  D:\KEIL_V5\C51\LIB\C51S.LIB (?C?CSTPTR)
  D:\KEIL_V5\C51\LIB\C51S.LIB (?C?LNEG)
  D:\KEIL_V5\C51\LIB\C51S.LIB (?C?PLDIIDATA)
  D:\KEIL_V5\C51\LIB\C51S.LIB (?C?CCASE)
  D:\KEIL_V5\C51\LIB\C51S.LIB (PUTCHAR)


LINK MAP OF MODULE:  .\Objects\test (TEST)


            TYPE    BASE      LENGTH    RELOCATION   SEGMENT NAME
            -----------------------------------------------------

            * * * * * * *   D A T A   M E M O R Y   * * * * * * *
            REG     0000H     0008H     ABSOLUTE     "REG BANK 0"
                    0008H     0018H                  *** GAP ***
            BIT     0020H.0   0001H.1   UNIT         _BIT_GROUP_
                    0021H.1   0000H.7                *** GAP ***
            DATA    0022H     0028H     UNIT         _DATA_GROUP_
            IDATA   004AH     0001H     UNIT         ?STACK

            * * * * * * *   C O D E   M E M O R Y   * * * * * * *
            CODE    0000H     0003H     ABSOLUTE     
            CODE    0003H     0564H     UNIT         ?C?LIB_CODE
            CODE    0567H     046FH     UNIT         ?PR?PRINTF?PRINTF
            CODE    09D6H     00EFH     UNIT         ?PR?MAIN?TEST
            CODE    0AC5H     0027H     UNIT         ?PR?PUTCHAR?PUTCHAR
            CODE    0AECH     0018H     UNIT         ?CO?TEST
            CODE    0B04H     000CH     UNIT         ?C_C51STARTUP



OVERLAY MAP OF MODULE:   .\Objects\test (TEST)


SEGMENT                           BIT_GROUP          DATA_GROUP 
  +--> CALLED SEGMENT          START    LENGTH     START    LENGTH
BL51 BANKED LINKER/LOCATER V6.22.2.0                                                  03/19/2022  14:02:59  PAGE 2


------------------------------------------------------------------
?C_C51STARTUP                  -----    -----      -----    -----
  +--> ?PR?MAIN?TEST

?PR?MAIN?TEST                  -----    -----      0022H    000CH
  +--> ?CO?TEST
  +--> ?PR?PRINTF?PRINTF

?PR?PRINTF?PRINTF              0020H.0  0001H.1    002EH    001CH
  +--> ?PR?PUTCHAR?PUTCHAR



SYMBOL TABLE OF MODULE:  .\Objects\test (TEST)

  VALUE           TYPE          NAME
  ----------------------------------

  -------         MODULE        TEST
  C:0000H         SYMBOL        _ICE_DUMMY_
  D:0090H         PUBLIC        P1
  B:0098H.1       PUBLIC        TI
  C:09D6H         PUBLIC        main
  -------         PROC          MAIN
  -------         DO            
  D:0022H         SYMBOL        i
  D:0024H         SYMBOL        a
  D:0026H         SYMBOL        b
  D:0028H         SYMBOL        c
  D:002AH         SYMBOL        s
  -------         ENDDO         
  C:09D6H         LINE#         11
  C:09D6H         LINE#         12
  C:09DBH         LINE#         13
  C:09E5H         LINE#         14
  C:09E9H         LINE#         15
  C:09F1H         LINE#         16
  C:09F1H         LINE#         17
  C:09F1H         LINE#         19
  C:09FDH         LINE#         20
  C:09FFH         LINE#         21
  C:0A0DH         LINE#         22
  C:0A0FH         LINE#         23
  C:0A12H         LINE#         26
  C:0A14H         LINE#         27
  C:0A2DH         LINE#         28
  C:0A34H         LINE#         29
  C:0A36H         LINE#         32
  C:0A3BH         LINE#         33
  C:0A5EH         LINE#         34
  C:0A60H         LINE#         35
  C:0A6FH         LINE#         36
  C:0A71H         LINE#         37
  C:0A74H         LINE#         40
  C:0AAAH         LINE#         41
  C:0AACH         LINE#         42
  C:0ABDH         LINE#         43
BL51 BANKED LINKER/LOCATER V6.22.2.0                                                  03/19/2022  14:02:59  PAGE 3


  C:0ABFH         LINE#         44
  C:0AC2H         LINE#         45
  -------         ENDPROC       MAIN
  -------         ENDMOD        TEST

  -------         MODULE        ?C?FPMUL
  C:0003H         PUBLIC        ?C?FPMUL
  -------         ENDMOD        ?C?FPMUL

  -------         MODULE        ?C?FCAST
  C:0113H         PUBLIC        ?C?FCASTC
  C:010EH         PUBLIC        ?C?FCASTI
  C:0109H         PUBLIC        ?C?FCASTL
  -------         ENDMOD        ?C?FCAST

  -------         MODULE        PRINTF
  D:002EH         PUBLIC        ?_PRINTF?BYTE
  D:002EH         PUBLIC        ?_SPRINTF?BYTE
  C:05C9H         PUBLIC        _PRINTF
  C:05C3H         PUBLIC        _SPRINTF
  -------         ENDMOD        PRINTF

  -------         MODULE        ?C?FPROUND
  C:0191H         PUBLIC        ?C?FPROUND
  -------         ENDMOD        ?C?FPROUND

  -------         MODULE        ?C?FPCONVERT
  C:01C0H         PUBLIC        ?C?FPCONVERT
  -------         ENDMOD        ?C?FPCONVERT

  -------         MODULE        ?C?FPADD
  C:02CAH         PUBLIC        ?C?FPADD
  C:02C6H         PUBLIC        ?C?FPSUB
  -------         ENDMOD        ?C?FPADD

  -------         MODULE        ?C?FPDIV
  C:03BEH         PUBLIC        ?C?FPDIV
  -------         ENDMOD        ?C?FPDIV

  -------         MODULE        ?C?FTNPWR
  C:048BH         PUBLIC        ?C?FTNPWR
  -------         ENDMOD        ?C?FTNPWR

  -------         MODULE        ?C?CLDPTR
  C:04CBH         PUBLIC        ?C?CLDPTR
  -------         ENDMOD        ?C?CLDPTR

  -------         MODULE        ?C?CLDOPTR
  C:04E4H         PUBLIC        ?C?CLDOPTR
  -------         ENDMOD        ?C?CLDOPTR

  -------         MODULE        ?C?CSTPTR
  C:0511H         PUBLIC        ?C?CSTPTR
  -------         ENDMOD        ?C?CSTPTR

  -------         MODULE        ?C?LNEG
  C:0523H         PUBLIC        ?C?LNEG
BL51 BANKED LINKER/LOCATER V6.22.2.0                                                  03/19/2022  14:02:59  PAGE 4


  -------         ENDMOD        ?C?LNEG

  -------         MODULE        ?C?PLDIIDATA
  C:0531H         PUBLIC        ?C?PLDIIDATA
  -------         ENDMOD        ?C?PLDIIDATA

  -------         MODULE        ?C?CCASE
  C:0541H         PUBLIC        ?C?CCASE
  -------         ENDMOD        ?C?CCASE

  -------         MODULE        PUTCHAR
  C:0AC5H         PUBLIC        _PUTCHAR
  -------         ENDMOD        PUTCHAR

Program Size: data=50.1 xdata=0 code=2832
LINK/LOCATE RUN COMPLETE.  0 WARNING(S),  0 ERROR(S)
