C51 COMPILER V9.59.0.0   DEMO                                                              03/18/2022 08:33:12 PAGE 1   


C51 COMPILER V9.59.0.0, COMPILATION OF MODULE DEMO
OBJECT MODULE PLACED IN .\Objects\demo.obj
COMPILER INVOKED BY: D:\Keil_v5\C51\BIN\C51.EXE demo.c OPTIMIZE(8,SPEED) BROWSE DEBUG OBJECTEXTEND PRINT(.\Listings\demo
                    -.lst) TABS(2) OBJECT(.\Objects\demo.obj)

line level    source

   1          /*****************************************************************************
   2          File name: add
   3          Description: Test Keil
   4          Author: Xiong Kang
   5          Version: V1.0
   6          Date: 2022.3.18
   7          *****************************************************************************/
   8          #include "reg51.h"
   9          #include "stdio.h"
  10          
  11          
  12          void delaylm(int x);
  13          
  14          void main(){
  15   1        int i=0;
  16   1        while(1)
  17   1        {
  18   2          i=i+1;
  19   2          TI=1;
  20   2          printf("i=%d\n",i);
  21   2          TI=0;
  22   2          delaylm(100);
  23   2        }
  24   1      }
  25          
  26          void delaylm(int m)
  27          {
  28   1        int x,y;
  29   1        for(y=0;y<=10000;y++)
  30   1          for(x=0;x<=m;x++);
  31   1      }


MODULE INFORMATION:   STATIC OVERLAYABLE
   CODE SIZE        =     78    ----
   CONSTANT SIZE    =      6    ----
   XDATA SIZE       =   ----    ----
   PDATA SIZE       =   ----    ----
   DATA SIZE        =   ----       2
   IDATA SIZE       =   ----    ----
   BIT SIZE         =   ----    ----
END OF MODULE INFORMATION.


C51 COMPILATION COMPLETE.  0 WARNING(S),  0 ERROR(S)
