C51 COMPILER V9.59.0.0   HANSHU                                                            04/08/2022 09:46:36 PAGE 1   


C51 COMPILER V9.59.0.0, COMPILATION OF MODULE HANSHU
OBJECT MODULE PLACED IN .\Objects\hanshu.obj
COMPILER INVOKED BY: D:\Keil_v5\C51\BIN\C51.EXE hanshu.c OPTIMIZE(8,SPEED) BROWSE DEBUG OBJECTEXTEND PRINT(.\Listings\ha
                    -nshu.lst) TABS(2) OBJECT(.\Objects\hanshu.obj)

line level    source

   1          /*****************************************************************************
   2          File name: hanshu
   3          Description: 数据采集系统设计
   4          Author: 熊康
   5          Version: V1.0
   6          Date: 2022.4.8
   7          *****************************************************************************/
   8          #include <C8051F020.H>
   9          #include "ZLG7289.h"
  10          
  11          
  12          
  13          sfr16 DP      = 0x89;      //数据指针
  14          sfr16 TMR3RL  = 0x92;      //定时器3重装值
  15          sfr16 TMR3    = 0X94;      //定时器3计数器
  16          sfr16 ADC0    = 0XBE;      //ADC0数据
  17          sfr16 ADC0GT  = 0XC4;      //ADC0大于窗口
  18          sfr16 ADC0LT  = 0XC6;      //ADC0小于窗口
  19          sfr16 DAC0    = 0xd2;
  20          
  21          #define SYSCLK    24000000 //系统时钟频率
  22          #define SAMPLERATE0  50000 //ADC0采样频率
  23          #define INT_DEC    256     //均值滤波计数值
  24          #define VREF 2430
  25          
  26          void Sysclk_Init(void);
  27          void Port_Init(void);
  28          void ADC0_Init(void);
  29          void Timer3_Init(int counts);
  30          void ADC0_ISR(void);
  31          void DAC0_Init(void);
  32          
  33          long result;               //数字滤波后的结果
  34          
  35          void delay(int n){
  36   1          int i;
  37   1          while(n--){
  38   2        for(i=0;i<3000;i++);
  39   2        }
  40   1      }
  41          
  42          void main(void){
  43   1          long voltage;
  44   1          int count;
  45   1          int UP = 0x10;
  46   1          
  47   1          WDTCN = 0xde;
  48   1          WDTCN = 0xad;
  49   1       
  50   1          Sysclk_Init();
  51   1          Port_Init();
  52   1          Timer3_Init(SYSCLK/SAMPLERATE0);
  53   1          ADC0_Init();
  54   1          DAC0_Init();
C51 COMPILER V9.59.0.0   HANSHU                                                            04/08/2022 09:46:36 PAGE 2   

  55   1          ZLG7289_Init(35);
  56   1          ZLG7289_Reset();
  57   1      
  58   1          AD0EN=1;
  59   1          EA=1;
  60   1          while(1){
  61   2        /*方波*/
  62   2        if(count<=4096)
  63   2        {
  64   3          count+=UP;
  65   3        }
  66   2        else
  67   2        {
  68   3          count=0;
  69   3        }
  70   2          DAC0=count;
  71   2          delay(100);
  72   2          voltage =result*VREF/4096;
  73   2          ZLG7289_Download(0,0,1,voltage/1000);
  74   2          ZLG7289_Download(0,1,0,voltage%1000/100);
  75   2          ZLG7289_Download(0,2,0,voltage%100/10);
  76   2          ZLG7289_Download(0,3,0,voltage%10);
  77   2          delay(50);
  78   2          }
  79   1      }
  80          
  81          void Sysclk_Init(){
  82   1        int i;
  83   1        OSCXCN=0x67;
  84   1        for(i=0;i<256;i++);
  85   1        while(!(OSCXCN & 0x80));
  86   1        OSCICN=0x88;
  87   1      }
  88          
  89          void Port_Init(){
  90   1        XBR1=0X00;
  91   1        XBR2=0X40;
  92   1      }
  93          
  94          void ADC0_Init(){
  95   1        ADC0CN =0X44;                 //ADC禁止；正常跟踪mode；定时器3溢出ADC0转换开始
  96   1                                      //ADC数据左对齐
  97   1        REF0CN=0X07;                  //允许温度传感器片内Vref和Vref输出缓冲器
  98   1        AMX0SL=0x00;                  //AIN0作单独输入
  99   1        ADC0CF=(SYSCLK/2500000-1)<<3;
 100   1        ADC0CF |= 0x00;               //PGA增益=1
 101   1        EIE2 |=0X02;                  //允许ADC中断
 102   1      }
 103          
 104          void Timer3_Init(int counts){
 105   1        TMR3CN=0X02;                  //停止定时器3，清除TF3；使用系统时钟作为时基
 106   1        TMR3RL=-counts;               //初始化重装值
 107   1        TMR3=0XFFFF;                  //设置立即重装
 108   1        EIE2 &= ~0X01;                //禁止定时器3中断
 109   1        TMR3CN |=0X04;                //启动定时器3
 110   1      }
 111          
 112          void DAC0_Init(){
 113   1        DAC0CN=0x80;  //使能DAC0
 114   1        DAC0L=0x00;
 115   1        DAC0H=0x00;
 116   1      }
C51 COMPILER V9.59.0.0   HANSHU                                                            04/08/2022 09:46:36 PAGE 3   

 117          
 118          void ADC0_ISR() interrupt 15
 119          {
 120   1        static unsigned int_dec=INT_DEC; //数字滤波计数值
 121   1        static long accumulator=0L;
 122   1        AD0INT=0;                        //清除adc转换结束标志
 123   1        accumulator+=ADC0;               //读adc值并加到运行总数中
 124   1        int_dec--;                       //更新滤波计数值
 125   1        if(int_dec==0){
 126   2          int_dec=INT_DEC;               //重设计数器
 127   2          result=accumulator>>8;         //求平均值
 128   2          accumulator=0L;                //复位accumulator
 129   2        }
 130   1      }


MODULE INFORMATION:   STATIC OVERLAYABLE
   CODE SIZE        =    507    ----
   CONSTANT SIZE    =   ----    ----
   XDATA SIZE       =   ----    ----
   PDATA SIZE       =   ----    ----
   DATA SIZE        =     10       8
   IDATA SIZE       =   ----    ----
   BIT SIZE         =   ----    ----
END OF MODULE INFORMATION.


C51 COMPILATION COMPLETE.  0 WARNING(S),  0 ERROR(S)
