C51 COMPILER V9.59.0.0   FWL                                                               04/01/2022 08:57:54 PAGE 1   


C51 COMPILER V9.59.0.0, COMPILATION OF MODULE FWL
OBJECT MODULE PLACED IN .\Objects\FWL.obj
COMPILER INVOKED BY: D:\Keil_v5\C51\BIN\C51.EXE FWL.c OPTIMIZE(8,SPEED) BROWSE DEBUG OBJECTEXTEND PRINT(.\Listings\FWL.l
                    -st) TABS(2) OBJECT(.\Objects\FWL.obj)

line level    source

   1          /*****************************************************************************
   2          File name: HRL
   3          Description: 流水灯实验
   4          Author: 熊康
   5          Version: V1.0
   6          Date: 2022.3.27
   7          *****************************************************************************/
   8          
   9          #include<c8051f020.h>
  10          
  11          
  12          void SYSCLK_Init(void)
  13          {
  14   1        /* 软件延时循环变量 */
  15   1        int i = 0;        
  16   1        
  17   1        /* 启动外部晶体振荡器 OSCXCN = 01100111B */
  18   1        /* [6:4] = 110B，晶体振荡；[2:0] = 111B，频率 > 6.7MHz */
  19   1        OSCXCN = 0x67;        
  20   1        
  21   1        /* 等待晶体振荡器启动 SYSCLK = 2M 调试得延时约1ms */
  22   1        for(i = 0; i < 256; i++); 
  23   1        
  24   1        /* 等待振荡器稳定 等待OSCXCN.1 = 1*/
  25   1        while(!(OSCXCN & 0x80));
  26   1        
  27   1        /* OSCICN = 10001000B [7] = 1 使能时钟丢失检测器；[3] = 1 选择外部振荡器 */
  28   1        OSCICN = 0x88;
  29   1      }
  30          
  31          void Close_WD(void){
  32   1        WDTCN=0xDE;
  33   1        WDTCN=0XAD;
  34   1      }
  35          void port_Init(void){
  36   1      
  37   1        XBR2=0X40;
  38   1        P74OUT=0X0C;
  39   1      }
  40          void delay_ms (int n){
  41   1      
  42   1        int i=0,j=0;
  43   1        for(i=0;i<n;i++)
  44   1        for(j=0;j<3000;j++)
  45   1        ;
  46   1      }
  47          //流水灯函数
  48          void Follow_Water_loop(int n){
  49   1        unsigned int p,q;
  50   1          for(p=0;p<n;p++)
  51   1          {
  52   2            P5=0XFE;
  53   2            delay_ms(30);
  54   2            for(q=0;q<9;q++)
C51 COMPILER V9.59.0.0   FWL                                                               04/01/2022 08:57:54 PAGE 2   

  55   2            {
  56   3              P5=P5<<1;
  57   3              delay_ms(30);
  58   3            }
  59   2          }
  60   1      }
  61          //跑马灯函数
  62          void Horse_Race_Loop(int n)
  63          {
  64   1        unsigned int p,q;
  65   1          for(p=0;p<n;p++)
  66   1          {
  67   2            P5=0XFE;
  68   2            delay_ms(30);
  69   2            for(q=0;q<9;q++)
  70   2            {
  71   3              P5=P5<<1;
  72   3            P5|=0X01;
  73   3              delay_ms(30);
  74   3            }
  75   2          }
  76   1      }
  77          void mod1(void){//显示模式1：全亮并闪烁4次。
  78   1        int k;
  79   1        for(k=0;k<4;k++){
  80   2          P5=0x00;
  81   2          delay_ms(100);
  82   2          P5=0xff;
  83   2          delay_ms(100);
  84   2        }
  85   1      }
  86          void mod2(void){//显示模式2：点亮一个发光管,右循环。
  87   1        P5=0xfe;  
  88   1          delay_ms(100);  
  89   1        P5=0xfd;  
  90   1          delay_ms(100); 
  91   1        P5=0xfb;  
  92   1          delay_ms(100); 
  93   1        P5=0xf7; 
  94   1          delay_ms(100); 
  95   1        P5=0xef;  
  96   1          delay_ms(100); 
  97   1        P5=0xdf; 
  98   1          delay_ms(100); 
  99   1        P5=0xbf; 
 100   1          delay_ms(100); 
 101   1        P5=0x7f;  
 102   1          delay_ms(100);
 103   1      }//右循环过程。
 104          
 105          void mod3(void){//显示模式3：点亮一个发光管,左循环。
 106   1        P5=0x7f;
 107   1          delay_ms(100);  
 108   1        P5=0xbf;  
 109   1          delay_ms(100); 
 110   1        P5=0xdf;  
 111   1          delay_ms(100);  
 112   1        P5=0xef;  
 113   1          delay_ms(100); 
 114   1        P5=0xf7; 
 115   1          delay_ms(100); 
 116   1        P5=0xfb;  
C51 COMPILER V9.59.0.0   FWL                                                               04/01/2022 08:57:54 PAGE 3   

 117   1          delay_ms(100); 
 118   1        P5=0xfd;  
 119   1          delay_ms(100);  
 120   1        P5=0xfe;  
 121   1          delay_ms(100);
 122   1      }//左循环过程。
 123          void  mod4(void){//显示模式4：单数P5与双数P5交替点亮4次。
 124   1        int k;
 125   1        for(k=0;k<4;k++){
 126   2          P5=0xaa;
 127   2          delay_ms(100);
 128   2          P5=0x55;
 129   2          delay_ms(100);  
 130   2        }
 131   1      }
 132          
 133          void PIO(void){
 134   1      //配置交叉译码开关,使P0口成为/INT0
 135   1        P0MDOUT=0x00;//配置输出为漏极开路P0=0xff;
 136   1        XBR0=0x00;  
 137   1        XBR1=0x04;// /INT0使能XBR2=0x40;//交叉开关使能
 138   1      } 
 139          
 140           void IT(void){
 141   1        EA=0;//CPU关中断，禁止一切中断
 142   1        EX0=1;//允许外部中断0中断5
 143   1        IT0=0;//配置为低电平触发
 144   1        PX0=1;//外部中断0为高优先级
 145   1        EA=1;//CPU开放中断
 146   1      }
 147          
 148          void main(){
 149   1      //主函数
 150   1        WDTCN=0xde;
 151   1        WDTCN=0xad;//禁止看门狗
 152   1        port_Init();
 153   1        //Follow_Water_loop(5);
 154   1        SYSCLK_Init();
 155   1        //IT();
 156   1        PIO();
 157   1        P5=0xff;//初始状态P5为全部熄灭
 158   1        //while(1){
 159   1          //if(a==0)
 160   1            mod1();
 161   1          //else if(a==1)
 162   1            mod2();
 163   1          //else if(a==2)
 164   1            mod3();
 165   1          //else if(a==3)
 166   1            mod4();
 167   1        //}
 168   1        P5=0xff;
 169   1      }


MODULE INFORMATION:   STATIC OVERLAYABLE
   CODE SIZE        =    415    ----
   CONSTANT SIZE    =   ----    ----
   XDATA SIZE       =   ----    ----
   PDATA SIZE       =   ----    ----
   DATA SIZE        =   ----       8
   IDATA SIZE       =   ----    ----
C51 COMPILER V9.59.0.0   FWL                                                               04/01/2022 08:57:54 PAGE 4   

   BIT SIZE         =   ----    ----
END OF MODULE INFORMATION.


C51 COMPILATION COMPLETE.  0 WARNING(S),  0 ERROR(S)
